Can't prepare file to send. This format is not provided {document.Format}